// Jest Snapshot v1, https://goo.gl/fbAQLP

exports[`should render StoryCard component 1`] = `ShallowWrapper {}`;
