// Jest Snapshot v1, https://goo.gl/fbAQLP

exports[` NoStories component renders default component 1`] = `ShallowWrapper {}`;
