// Jest Snapshot v1, https://goo.gl/fbAQLP

exports[` Search component renders default component 1`] = `ShallowWrapper {}`;
