// Jest Snapshot v1, https://goo.gl/fbAQLP

exports[` RegisterForm component renders default component 1`] = `ShallowWrapper {}`;
