// Jest Snapshot v1, https://goo.gl/fbAQLP

exports[` SignUp component renders default component 1`] = `ShallowWrapper {}`;
