// Jest Snapshot v1, https://goo.gl/fbAQLP

exports[`should render Tabs component 1`] = `ShallowWrapper {}`;
