// Jest Snapshot v1, https://goo.gl/fbAQLP

exports[`should render detailsModal component 1`] = `ShallowWrapper {}`;
