// Jest Snapshot v1, https://goo.gl/fbAQLP

exports[` Login component renders default component 1`] = `ShallowWrapper {}`;
