// Jest Snapshot v1, https://goo.gl/fbAQLP

exports[`should render MainLayout component 1`] = `ShallowWrapper {}`;
