// Jest Snapshot v1, https://goo.gl/fbAQLP

exports[`should render PrivateRoute component 1`] = `ShallowWrapper {}`;
