// Jest Snapshot v1, https://goo.gl/fbAQLP

exports[` RootLayout component renders default component 1`] = `ShallowWrapper {}`;
