// Jest Snapshot v1, https://goo.gl/fbAQLP

exports[` Pagination component renders default component 1`] = `ShallowWrapper {}`;
