// Jest Snapshot v1, https://goo.gl/fbAQLP

exports[` Stories component renders default component 1`] = `ShallowWrapper {}`;
