// Jest Snapshot v1, https://goo.gl/fbAQLP

exports[`should render StoryCards component 1`] = `ShallowWrapper {}`;
