// Jest Snapshot v1, https://goo.gl/fbAQLP

exports[`should render Loader component 1`] = `ShallowWrapper {}`;
